
> fere_pos_web@0.1.0 build
> next build

Γû▓ Next.js 16.1.4 (Turbopack)

  Creating an optimized production build ...
Γ£ô Compiled successfully in 47s
  Running TypeScript ...
node.exe : Failed to 
compile.
At line:1 char:1
+ & "C:\Program 
Files\nodejs/node.exe" 
"C:\Program 
Files\nodejs/node_mo 
...
+ ~~~~~~~~~~~~~~~~~~~~~
~~~~~~~~~~~~~~~~~~~~~~~
~~~~~~~~~~~~~~~~~~~~~~~
~~
    + CategoryInfo     
         : NotSpecifi  
  ed: (Failed to com   
 pile.:String) [],     
RemoteException
    + FullyQualifiedEr 
   rorId : NativeComm  
  andError
 

./src/app/(customer)/or
der/checkout/page.tsx:1
56:38
Type error: Cannot 
find name 
'ShoppingBag'.

[0m [90m 154 |[39m  
                       
            formData[3
3m.[39mfulfillmentType
 [33m===[39m 
[32m'takeaway'[39m 
[33m?[39m 
[32m"bg-orange-500 
text-white"[39m 
[33m:[39m 
[32m"bg-slate-100 text
-text-disabled"[39m
 [90m 155 |[39m      
                       
    )}[33m>[39m
[31m[1m>[22m[39m[9
0m 156 |[39m          
                       
    [33m<[39m[33mSho
ppingBag[39m className
[33m=[39m[32m"h-6 
w-6"[39m 
[33m/[39m[33m>[39m
 [90m     |[39m      
                       
         
[31m[1m^[22m[39m
 [90m 157 |[39m      
                       
    [33m<[39m[33m/[
39m[33mdiv[39m[33m>
[39m
 [90m 158 |[39m      
                       
    [33m<[39m[33mspa
n[39m className[33m=
[39m{cn([32m"text-sm f
ont-black"[39m[33m,[
39m formData[33m.[39m
fulfillmentType 
[33m===[39m 
[32m'takeaway'[39m 
[33m?[39m [32m"text-
orange-600"[39m 
[33m:[39m [32m"text-
text-secondary"[39m)}
[33m>[39m
 [90m 159 |[39m      
                       
        [33mBawa[39m 
[33mPulang[39m[0m
Next.js build worker 
exited with code: 1 
and signal: null
